ef,c8
c8,ef
8a,15,de,c5
c5,de,15,8a
23,21
40,10
5,4
llvm_ctpop_i32:
22
24
0
32
16
16
16
1
1
llvm_expect_i32:
13
72057594037927936
125
243
18
-12
27
-9
1.0
-1.0
